SYNTAX ERROR: line 1:0	mismatched input '<EOF>' expecting '{'
